// Vitest Snapshot v1, https://vitest.dev/guide/snapshot.html

exports[`documentation examples > detection/sniff runs 1`] = `[]`;

exports[`documentation examples > extending/csv-defaults runs 1`] = `[]`;

exports[`documentation examples > extending/csv-stamp runs 1`] = `[]`;

exports[`documentation examples > extending/netscope runs 1`] = `[]`;

exports[`documentation examples > extending/netscope-usage runs 1`] = `[]`;

exports[`documentation examples > extending/pairs-format runs 1`] = `[]`;

exports[`documentation examples > extending/pairs-minimal runs 1`] = `[]`;

exports[`documentation examples > extending/pairs-usage runs 1`] = `[]`;

exports[`documentation examples > formats/csv runs 1`] = `
[
  "[wrote] edges.csv (8728 bytes)",
  "[wrote] nodes.csv (1487 bytes)",
]
`;

exports[`documentation examples > formats/cx runs 1`] = `
[
  "[wrote] karate.cx (2672 bytes)",
]
`;

exports[`documentation examples > formats/cx2 runs 1`] = `
[
  "[wrote] glypican2-copy.cx2 (10337 bytes)",
]
`;

exports[`documentation examples > formats/cys runs 1`] = `
[
  "[wrote] karate.cys (8135 bytes)",
]
`;

exports[`documentation examples > formats/dot runs 1`] = `
[
  "[wrote] cluster-copy.gv (1663 bytes)",
]
`;

exports[`documentation examples > formats/gexf runs 1`] = `
[
  "[wrote] lesmiserables-1.2.gexf (18157 bytes)",
]
`;

exports[`documentation examples > formats/gml runs 1`] = `
[
  "[wrote] polbooks-copy.gml (25222 bytes)",
]
`;

exports[`documentation examples > formats/graphml runs 1`] = `
[
  "[wrote] got.graphml (42777 bytes)",
]
`;

exports[`documentation examples > formats/json runs 1`] = `
[
  "[wrote] miserables.cyjs (46595 bytes)",
]
`;

exports[`documentation examples > formats/neo4j runs 1`] = `
[
  "[wrote] movies-nodes-out.csv (365 bytes)",
  "[wrote] movies-rels-out.csv (242 bytes)",
]
`;

exports[`documentation examples > formats/obo runs 1`] = `
[
  "[wrote] basic-copy.obo (379 bytes)",
  "[wrote] basic.json (1069 bytes)",
]
`;

exports[`documentation examples > formats/pajek runs 1`] = `
[
  "[wrote] miserables.net (7391 bytes)",
]
`;

exports[`documentation examples > formats/xgmml runs 1`] = `
[
  "[wrote] network.xgmml (1613 bytes)",
]
`;

exports[`documentation examples > loading/cancel runs 1`] = `[]`;

exports[`documentation examples > loading/encoding runs 1`] = `[]`;

exports[`documentation examples > loading/inputs runs 1`] = `[]`;

exports[`documentation examples > loading/options runs 1`] = `[]`;

exports[`documentation examples > loading/own-builder runs 1`] = `[]`;

exports[`documentation examples > loading/several-graphs runs 1`] = `[]`;

exports[`documentation examples > loading/url-request runs 1`] = `[]`;

exports[`documentation examples > quick-start/download runs 1`] = `
[
  "[confirm] edge id column "id" cannot be written
77 node id(s) are not their 1-based index; nodes are numbered 1..N, the originals kept in the exporter's originalId attribute (restored by restoreMangledIds) and as labels of the nodes without a label value",
  "[download] les-miserables.net (text/x-pajek, 4660 bytes)",
]
`;

exports[`documentation examples > quick-start/load-file runs 1`] = `[]`;

exports[`documentation examples > quick-start/load-url runs 1`] = `[]`;

exports[`documentation examples > quick-start/readme runs 1`] = `
[
  "[wrote] lesmiserables.graphml (24658 bytes)",
]
`;

exports[`documentation examples > quick-start/save-node runs 1`] = `
[
  "[wrote] lesmiserables.csv (6670 bytes)",
]
`;

exports[`documentation examples > report/errors runs 1`] = `[]`;

exports[`documentation examples > report/issues runs 1`] = `[]`;

exports[`documentation examples > saving/check runs 1`] = `
[
  "[wrote] got.graphml (37904 bytes)",
]
`;

exports[`documentation examples > saving/mixed runs 1`] = `[]`;

exports[`documentation examples > saving/pick-format runs 1`] = `
[
  "[wrote] karate.dot (1304 bytes)",
  "[wrote] karate.gexf (4009 bytes)",
]
`;

exports[`documentation examples > saving/stream runs 1`] = `
[
  "[wrote] airlines.graphml (113768 bytes)",
]
`;

exports[`documentation examples > saving/upload runs 1`] = `
[
  "[upload] https://example.com/api/graphs",
]
`;
