== T18B start setup:/home/apowers/Projects/graphty-monorepo/.worktrees/design-studio-tier1/design/ui/studio/rounds/tier-2/setups/florentine.txt
commit 1202de900c16d4a8e475179740e8fc884f547723, build e2ccec0e9304 graphty@0.8.56
/home/apowers/Projects/graphty-monorepo/.worktrees/design-studio-tier1/design/ui/studio/tier2/pilot/T18-final/B/01.png
exit 0
== T18B step: --key p
/home/apowers/Projects/graphty-monorepo/.worktrees/design-studio-tier1/design/ui/studio/tier2/pilot/T18-final/B/02.png
exit 0
== T18B step: --type Strozzi
/home/apowers/Projects/graphty-monorepo/.worktrees/design-studio-tier1/design/ui/studio/tier2/pilot/T18-final/B/03.png
exit 0
== T18B step: --key Enter
/home/apowers/Projects/graphty-monorepo/.worktrees/design-studio-tier1/design/ui/studio/tier2/pilot/T18-final/B/04.png
exit 0
== T18B step: --type Pazzi
/home/apowers/Projects/graphty-monorepo/.worktrees/design-studio-tier1/design/ui/studio/tier2/pilot/T18-final/B/05.png
exit 0
== T18B step: --key Enter
/home/apowers/Projects/graphty-monorepo/.worktrees/design-studio-tier1/design/ui/studio/tier2/pilot/T18-final/B/06.png
exit 0
== T18B step: --click "Find path"
/home/apowers/Projects/graphty-monorepo/.worktrees/design-studio-tier1/design/ui/studio/tier2/pilot/T18-final/B/07.png
exit 0
session ended: /home/apowers/Projects/graphty-monorepo/.worktrees/design-studio-tier1/design/ui/studio/tier2/pilot/T18-final/B
