== T22A start setup:/home/apowers/Projects/graphty-monorepo/.worktrees/design-studio-tier1/design/ui/studio/rounds/tier-2/setups/bus-stops.txt
commit 1202de900c16d4a8e475179740e8fc884f547723, build e2ccec0e9304 graphty@0.8.56
/home/apowers/Projects/graphty-monorepo/.worktrees/design-studio-tier1/design/ui/studio/tier2/pilot/T22-final/A/01.png
exit 0
== T22A step: --click "Find nodes, edges, values"
/home/apowers/Projects/graphty-monorepo/.worktrees/design-studio-tier1/design/ui/studio/tier2/pilot/T22-final/A/02.png
exit 0
== T22A step: --type "=minutes >= 10"
/home/apowers/Projects/graphty-monorepo/.worktrees/design-studio-tier1/design/ui/studio/tier2/pilot/T22-final/A/03.png
exit 0
== T22A step: --key Enter
/home/apowers/Projects/graphty-monorepo/.worktrees/design-studio-tier1/design/ui/studio/tier2/pilot/T22-final/A/04.png
exit 0
== T22A step: --key Control+a --type "=minutes >= \`10\`"
/home/apowers/Projects/graphty-monorepo/.worktrees/design-studio-tier1/design/ui/studio/tier2/pilot/T22-final/A/05.png
exit 0
== T22A step: --key Enter
/home/apowers/Projects/graphty-monorepo/.worktrees/design-studio-tier1/design/ui/studio/tier2/pilot/T22-final/A/06.png
exit 0
session ended: /home/apowers/Projects/graphty-monorepo/.worktrees/design-studio-tier1/design/ui/studio/tier2/pilot/T22-final/A
