1200x900 start done
1200x900 openfile done
1200x900 weight done
1200x900 filter done
1200x900 import done
1200x900 chip done
1200x900 path done
1200x900 replace done
1200x900 notes done
1200x900 select done
1200x900 neighbors done
1200x900 edge done
1200x900 analyze done
1200x900 long done
900x700 start done
900x700 openfile done
900x700 weight done
900x700 filter done
900x700 chip done
900x700 path done
900x700 notes done
900x700 replace done
900x700 select done
900x700 import done
900x700 neighbors done
900x700 edge done
900x700 analyze done
900x700 long done
