== T19B start setup:/home/apowers/Projects/graphty-monorepo/.worktrees/design-studio-tier1/design/ui/studio/rounds/tier-2/setups/florentine.txt
commit 1202de900c16d4a8e475179740e8fc884f547723, build e2ccec0e9304 graphty@0.8.56
/home/apowers/Projects/graphty-monorepo/.worktrees/design-studio-tier1/design/ui/studio/tier2/pilot/T19-final/B/01.png
exit 0
== T19B step: --key / --type Medici --key Enter
/home/apowers/Projects/graphty-monorepo/.worktrees/design-studio-tier1/design/ui/studio/tier2/pilot/T19-final/B/02.png
exit 0
== T19B step: --key n
/home/apowers/Projects/graphty-monorepo/.worktrees/design-studio-tier1/design/ui/studio/tier2/pilot/T19-final/B/03.png
exit 0
== T19B step: --type "Check the 1434 return from exile"
/home/apowers/Projects/graphty-monorepo/.worktrees/design-studio-tier1/design/ui/studio/tier2/pilot/T19-final/B/04.png
exit 0
== T19B step: --key Control+Enter
/home/apowers/Projects/graphty-monorepo/.worktrees/design-studio-tier1/design/ui/studio/tier2/pilot/T19-final/B/05.png
exit 0
== T19B step: --key Escape --key Escape
/home/apowers/Projects/graphty-monorepo/.worktrees/design-studio-tier1/design/ui/studio/tier2/pilot/T19-final/B/06.png
exit 0
== T19B step: --key n
/home/apowers/Projects/graphty-monorepo/.worktrees/design-studio-tier1/design/ui/studio/tier2/pilot/T19-final/B/07.png
exit 0
== T19B step: --type "Marriages only; business ties are a separate list"
/home/apowers/Projects/graphty-monorepo/.worktrees/design-studio-tier1/design/ui/studio/tier2/pilot/T19-final/B/08.png
exit 0
== T19B step: --key Control+Enter
/home/apowers/Projects/graphty-monorepo/.worktrees/design-studio-tier1/design/ui/studio/tier2/pilot/T19-final/B/09.png
exit 0
== T19B step: --key Control+s
/home/apowers/Projects/graphty-monorepo/.worktrees/design-studio-tier1/design/ui/studio/tier2/pilot/T19-final/B/10.png
exit 0
== T19B step: --click Save
/home/apowers/Projects/graphty-monorepo/.worktrees/design-studio-tier1/design/ui/studio/tier2/pilot/T19-final/B/11.png
exit 0
== T19B step: --reopen
closed the tab and opened the app again in a new tab (the same browser storage)
/home/apowers/Projects/graphty-monorepo/.worktrees/design-studio-tier1/design/ui/studio/tier2/pilot/T19-final/B/12.png
exit 0
== T19B step: --click-at 624,108
at 624,108: gridcell "Florentine families In this browser - 15 nodes - O"
/home/apowers/Projects/graphty-monorepo/.worktrees/design-studio-tier1/design/ui/studio/tier2/pilot/T19-final/B/13.png
exit 0
== T19B step: --click "Notes"
/home/apowers/Projects/graphty-monorepo/.worktrees/design-studio-tier1/design/ui/studio/tier2/pilot/T19-final/B/14.png
exit 0
session ended: /home/apowers/Projects/graphty-monorepo/.worktrees/design-studio-tier1/design/ui/studio/tier2/pilot/T19-final/B
