== T20B start empty
commit 1202de900c16d4a8e475179740e8fc884f547723, build e2ccec0e9304 graphty@0.8.56
/home/apowers/Projects/graphty-monorepo/.worktrees/design-studio-tier1/design/ui/studio/tier2/pilot/T20-final/B/01.png
exit 0
== T20B step: --click "No thanks"
/home/apowers/Projects/graphty-monorepo/.worktrees/design-studio-tier1/design/ui/studio/tier2/pilot/T20-final/B/02.png
exit 0
== T20B step: --click "New from data..."
/home/apowers/Projects/graphty-monorepo/.worktrees/design-studio-tier1/design/ui/studio/tier2/pilot/T20-final/B/03.png
exit 0
== T20B step: --click "choose a file..." --upload trails.csv
a file chooser is open (answer it with --upload <file>)
chose the file trails.csv
/home/apowers/Projects/graphty-monorepo/.worktrees/design-studio-tier1/design/ui/studio/tier2/pilot/T20-final/B/04.png
exit 0
== T20B step: --click-at 728,205
at 728,205: label "km"
/home/apowers/Projects/graphty-monorepo/.worktrees/design-studio-tier1/design/ui/studio/tier2/pilot/T20-final/B/05.png
exit 0
== T20B step: --click "Weight"
/home/apowers/Projects/graphty-monorepo/.worktrees/design-studio-tier1/design/ui/studio/tier2/pilot/T20-final/B/06.png
exit 0
== T20B step: --click "Farther"
/home/apowers/Projects/graphty-monorepo/.worktrees/design-studio-tier1/design/ui/studio/tier2/pilot/T20-final/B/07.png
exit 0
== T20B step: --click "Load"
/home/apowers/Projects/graphty-monorepo/.worktrees/design-studio-tier1/design/ui/studio/tier2/pilot/T20-final/B/08.png
exit 0
== T20B step: --key p
/home/apowers/Projects/graphty-monorepo/.worktrees/design-studio-tier1/design/ui/studio/tier2/pilot/T20-final/B/09.png
exit 0
== T20B step: --type Trailhead
/home/apowers/Projects/graphty-monorepo/.worktrees/design-studio-tier1/design/ui/studio/tier2/pilot/T20-final/B/10.png
exit 0
== T20B step: --click "Trailhead"
/home/apowers/Projects/graphty-monorepo/.worktrees/design-studio-tier1/design/ui/studio/tier2/pilot/T20-final/B/11.png
exit 0
== T20B step: --click "To" --type Summit
/home/apowers/Projects/graphty-monorepo/.worktrees/design-studio-tier1/design/ui/studio/tier2/pilot/T20-final/B/12.png
exit 0
== T20B step: --click "Summit"
/home/apowers/Projects/graphty-monorepo/.worktrees/design-studio-tier1/design/ui/studio/tier2/pilot/T20-final/B/13.png
exit 0
== T20B step: --click "Find path"
/home/apowers/Projects/graphty-monorepo/.worktrees/design-studio-tier1/design/ui/studio/tier2/pilot/T20-final/B/14.png
exit 0
session ended: /home/apowers/Projects/graphty-monorepo/.worktrees/design-studio-tier1/design/ui/studio/tier2/pilot/T20-final/B
